// Jest Snapshot v1, https://goo.gl/fbAQLP

exports[`Viewer matches snapshot 1`] = `
.emotion-0 {
  position: absolute;
  top: auto;
  top: 120px;
  width: 100%;
  width: 330px;
  padding: 20px;
  background-color: white;
  z-index: 8;
}

.emotion-1 {
  display: -webkit-box;
  display: -webkit-flex;
  display: -ms-flexbox;
  display: flex;
  margin-bottom: 2px;
}

.emotion-3 {
  -webkit-flex: 1;
  -ms-flex: 1;
  flex: 1;
  justify-self: stretch;
  -webkit-align-self: stretch;
  -ms-flex-item-align: stretch;
  align-self: stretch;
}

.emotion-4 {
  width: 1em;
  height: 1em;
  display: inline-block;
  line-height: 1em;
  -webkit-flex-shrink: 0;
  -ms-flex-negative: 0;
  flex-shrink: 0;
  color: currentColor;
  vertical-align: middle;
  font-size: 12px;
  margin-top: 1px;
  cursor: pointer;
}

.emotion-5 {
  display: -webkit-box;
  display: -webkit-flex;
  display: -ms-flexbox;
  display: flex;
  display: block;
}

.emotion-6 {
  position: relative;
  margin-bottom: 2px;
  max-width: 25%;
  max-width: 100%;
}

.emotion-8 {
  font-size: 0.75em;
  font-size: auto;
}

.emotion-9 {
  display: -webkit-box;
  display: -webkit-flex;
  display: -ms-flexbox;
  display: flex;
}

.emotion-10 {
  font-size: 12px;
  font-weight: bold;
  margin-right: 5px;
}

.emotion-11 {
  display: inline-block;
  position: relative;
  cursor: pointer;
  margin-right: 2px;
}

.emotion-12 {
  overflow: hidden;
}

.emotion-13 {
  width: inherit;
  height: inherit;
}

.emotion-14 {
  display: -webkit-box;
  display: -webkit-flex;
  display: -ms-flexbox;
  display: flex;
  -webkit-align-items: center;
  -webkit-box-align: center;
  -ms-flex-align: center;
  align-items: center;
  -webkit-box-pack: center;
  -ms-flex-pack: center;
  -webkit-justify-content: center;
  justify-content: center;
  position: absolute;
  outline: 0;
}

<div
  className="emotion-0"
>
  <div
    className="emotion-1"
  >
    <h2
      className="chakra-heading emotion-2"
    >
      Sanborn Map Houston 1950 Vol 15 Key 02
    </h2>
    <div
      className="emotion-3"
    />
    <svg
      className="chakra-icon emotion-4"
      focusable={false}
      onClick={[Function]}
      viewBox="0 0 24 24"
    >
      <path
        d="M.439,21.44a1.5,1.5,0,0,0,2.122,2.121L11.823,14.3a.25.25,0,0,1,.354,0l9.262,9.263a1.5,1.5,0,1,0,2.122-2.121L14.3,12.177a.25.25,0,0,1,0-.354l9.263-9.262A1.5,1.5,0,0,0,21.439.44L12.177,9.7a.25.25,0,0,1-.354,0L2.561.44A1.5,1.5,0,0,0,.439,2.561L9.7,11.823a.25.25,0,0,1,0,.354Z"
        fill="currentColor"
      />
    </svg>
  </div>
  <div
    className="emotion-5"
  >
    <div
      className="emotion-6"
    >
      <img
        className="chakra-image__placeholder emotion-7"
        onClick={[Function]}
      />
    </div>
    <p
      className="chakra-text emotion-8"
    >
      Sanborn Perris Map Company
    </p>
  </div>
  <div
    className="emotion-9"
  >
    <p
      className="chakra-text emotion-10"
    >
      Opacity:
    </p>
    <div
      className="chakra-slider emotion-11"
      style={
        Object {
          "WebkitTapHighlightColor": "rgba(0,0,0,0)",
          "outline": 0,
          "paddingBottom": 0,
          "paddingTop": 0,
          "position": "relative",
          "touchAction": "none",
          "userSelect": "none",
        }
      }
      tabIndex={-1}
    >
      <div
        className="chakra-slider__track emotion-12"
        id="slider-track-7"
        style={
          Object {
            "position": "absolute",
            "top": "50%",
            "transform": "translateY(-50%)",
            "width": "100%",
          }
        }
      >
        <div
          className="chakra-slider__filled-track emotion-13"
          style={
            Object {
              "left": 0,
              "position": "absolute",
              "top": "50%",
              "transform": "translateY(-50%)",
              "width": "100%",
            }
          }
        />
      </div>
      <div
        aria-label="slider-ex-1"
        aria-orientation="horizontal"
        aria-valuemax={1}
        aria-valuemin={0}
        aria-valuenow={1}
        className="chakra-slider__thumb emotion-14"
        id="slider-thumb-7"
        onBlur={[Function]}
        onFocus={[Function]}
        onKeyDown={[Function]}
        role="slider"
        style={
          Object {
            "left": "calc(100% - 0px)",
            "position": "absolute",
            "touchAction": "none",
            "userSelect": "none",
          }
        }
        tabIndex={0}
      />
      <input
        type="hidden"
        value={1}
      />
    </div>
  </div>
</div>
`;
